---
source: crates/agentwatch/src/tui_tests.rs
assertion_line: 408
expression: "render_snapshot(&state, &cache, 120, 24)"
---
 AgentWatch   repo:routa-js  branch:main    GLOBAL VIEW · FOLLOW ON  rpc:socket  dirty:1  unknown:1  synced 2m ago    se
┌Sessions────────────────────────┐┌Files─────────────────────────────────┐┌File Preview────────────────────────────────┐
│> Unknown / review  UNKNOWN     ││ BY SESSION    GLOBAL    REVIEW UNKNOW││ 1 fn render(frame: &mut Frame) {           │
│watch-only owner  pane ?  2m ago││1 files  M:0 D:1  E:0 I:0 U:1         ││ 2     // preview                           │
│1 files  E:0 I:0 U:1            ││──────────────────────────────────────││ 3 }                                        │
│                                ││> route.ts                            ││                                            │
│                                ││  src/app/api/a2a/card                ││                                            │
│                                ││D  -12        5m  UNKNOWN             ││                                            │
│                                ││                                      ││                                            │
│                                ││                                      ││                                            │
│                                ││                                      ││                                            │
│                                │└──────────────────────────────────────┘│                                            │
│                                │┌Details───────────────────────────────┐│                                            │
│                                ││route.ts                              ││                                            │
│                                ││src/app/api/a2a/card                  ││                                            │
│                                ││Last by: unknown                      ││                                            │
│                                ││Modified: <ts> (5m)               ││                                            │
└────────────────────────────────┘└──────────────────────────────────────┘└────────────────────────────────────────────┘
┌Event Stream (all)────────────────────────────────────────────────────────────────────────────────────────────────────┐
│<ts>  WATCH  modify   crates/agentwatch/src/tui.rs                                                                │
│<ts>  HOOK   live-hook-check Edit Write                                                                           │
│<ts>  GIT    post-commit main                                                                                     │
└──────────────────────────────────────────────────────────────────────────────────────────────────────────────────────┘
Tab focus  ↑↓ select  Enter preview  D diff  / search:on  u unknown  a assign  o open  g git diff  PgUp/PgDn scroll  f f
