---
source: crates/harness-monitor/src/ui/tests.rs
expression: "render_snapshot(&state, &mut cache, 180, 44)"
---
routa.js  2 dirty  1 unassigned  lines: --  loc: --  fitness: fast  transport: socket
┌Runs [Tab]───────────────────────────────┐┌Git Status───────────────────────────────────────────────────────────────────────────┐┌Diff Preview────────────────────────────────────┐
│ 1 active  2 total  2 worktree(s)  mode:u││ 2 files, 0 untracked, 5 commits, 1 agent, branch: main, 2 worktrees                 ││@@ -1,2 +1,3 @@                                 │
│ filter:all  sort:recent  view:1-3/3     ││─────────────────────────────────────────────────────────────────────────────────────││-use old                                        │
│  = All                        all    2m ││> crates/harness-monitor/src/tui.rs                         M  +38 -5 TM changed   4m││+use new                                        │
│  builder  hook  all  files:2  e/i/?:1/0/││  src/app/api/a2a/card/route.ts                                D     -12 TM miss   5m││+use cache                                      │
│▶ ◈ ...itor task journey    active    3m ││                                                                                     ││                                                │
│  fixer  hook  codex  files:1  e/i/?:1/0/││                                                                                     ││                                                │
│  ? unassigned           attention    2m ││                                                                                     ││                                                │
│  reviewer  file-review  unassigned  file││                                                                                     ││                                                │
│                                         ││                                                                                     ││                                                │
│                                         ││                                                                                     ││                                                │
│                                         ││                                                                                     ││                                                │
│                                         ││                                                                                     ││                                                │
│                                         ││                                                                                     ││                                                │
│                                         ││                                                                                     ││                                                │
│                                         ││                                                                                     ││                                                │
│                                         ││                                                                                     ││                                                │
│                                         ││                                                                                     ││                                                │
│                                         ││                                                                                     ││                                                │
│                                         ││                                                                                     ││                                                │
│                                         ││                                                                                     ││                                                │
└─────────────────────────────────────────┘│                                                                                     │└────────────────────────────────────────────────┘
┌Agents───────────────────────────────────┐│                                                                                     │┌Fitness (Entrix Fast) - PASS 91.0% (0/12) 4200ms┐
│2 total  1 active  1 idle  2.6% cpu  224M││                                                                                     ││Dimension scores:                               │
│                                         ││                                                                                     ││92% code_quality   w18  4/4  █████████████████░ │
│4211 ◈ Codex  ACTIVE                     │└─────────────────────────────────────────────────────────────────────────────────────┘│95% api_contract   w10  2/2  █████████████████░ │
│cpu  2.5%  mem 128MB  up 01:35           │┌Run Details──────────────────────────────────────────────────────────────────────────┐│Slowest: all sampled metrics are pass or waived │
│proj project  conf 80%                   ││Fix harness monitor task journey                                                     ││no slow metrics in this run                     │
│                                         ││State: active  Eval: fast pass 91.0%  Approval: waiting_on_evidence                  ││                                                │
│9001 ◆ Claude  IDLE                      ││Block: missing coverage_report                                                       ││                                                │
│cpu  0.1%  mem 96MB  up <ts>         ││Next: generate coverage evidence                                                     ││                                                │
│proj elsewhere  conf 80%                 ││Evidence: ok:diff_summary, ok:test_report, missing:coverage_report                   ││                                                │
│                                         ││Policy: allow_with_evidence  Effects: repo_write                                     ││                                                │
│                                         ││Trace: ...crates/harness-monitor/src/tui.rs  ->  commit: stabilize monitor journey   ││                                                │
│                                         ││Context: codex  fixer  hook  gpt-5.4                                                 ││                                                │
│                                         ││Workspace: dirty  <repo>                                                       ││                                                │
└─────────────────────────────────────────┘└─────────────────────────────────────────────────────────────────────────────────────┘└────────────────────────────────────────────────┘
┌Event Stream (all)────────────────────────────────────────────────────────────────────────────────────────────────────────────────────────────────────────────────────────────────┐
│<ts>  WATCH  modify   crates/harness-monitor/src/tui.rs                                                                                                                       │
│<ts>  HOOK   live-hook-check Edit Write                                                                                                                                       │
│<ts>  GIT    post-commit main                                                                                                                                                 │
└──────────────────────────────────────────────────────────────────────────────────────────────────────────────────────────────────────────────────────────────────────────────────┘
Tab Runs/Files/Detail/Fitness  ↑↓ select  S run sort  v run filter  u unassigned  d preview/diff  Pg scroll  f follow:on  T theme  Esc clear  g refresh all  m fast/full  q quit
