---
source: crates/routa-watch/src/tui_tests.rs
assertion_line: 441
expression: "render_snapshot(&state, &mut cache, 120, 24)"
---
 RoutaWatch   repo:routa-js  branch:main  agents:2 active:1  dirty:2  unknown:1  synced 2m ago
┌Files───────────────────────────────────────────────────────────────────────────────┐┌File Preview────────────────────┐
│ ALL FILES  2 files  commits:...                                                    ││ 1 fn render(frame: &mut Frame) │
│────────────────────────────────────────────────────────────────────────────────────││{                               │
│> tui.rs                                        src/             M  +38 -5     4m   ││ 2     // preview               │
│  route.ts                                      card/            D  -12        5m   ││ 3 }                            │
│                                                                                    ││                                │
│                                                                                    ││                                │
│                                                                                    ││                                │
│                                                                                    ││                                │
│                                                                                    ││                                │
│                                                                                    │└────────────────────────────────┘
│                                                                                    │┌Details─────────────────────────┐
│                                                                                    ││tui.rs                          │
│                                                                                    ││crates/routa-watch/src          │
└────────────────────────────────────────────────────────────────────────────────────┘│Lines: ...  Size: ...  Git      │
┌Fitness (Entrix Fast)───────────────────────────────────────────────────────────────┐│changes: ...                    │
│Health Run: idle (press g refresh)                                                  ││                                │
│                                                                                    ││                                │
│                                                                                    ││                                │
│                                                                                    ││                                │
│                                                                                    ││                                │
└────────────────────────────────────────────────────────────────────────────────────┘└────────────────────────────────┘
Tab focus  ↑↓ select  u unknown  d preview/diff  Pg scroll  f follow:on  T theme  Esc clear  g refresh fitness  q quit
